app/api/chat/route.ts(33,26): error TS1127: Invalid character.
app/api/chat/route.ts(33,27): error TS1134: Variable declaration expected.
app/api/chat/route.ts(110,1): error TS1005: '}' expected.
app/api/chat/route.ts(110,1): error TS1160: Unterminated template literal.
app/api/upload/route.ts(58,25): error TS1127: Invalid character.
app/api/upload/route.ts(58,26): error TS1134: Variable declaration expected.
app/api/upload/route.ts(77,1): error TS1005: '}' expected.
app/api/upload/route.ts(77,1): error TS1160: Unterminated template literal.
app/dashboard/client.tsx(22,31): error TS1127: Invalid character.
app/dashboard/client.tsx(116,1): error TS1160: Unterminated template literal.
components/ui/asd.tsx(272,1): error TS1160: Unterminated template literal.
components/ui/chat-window.tsx(34,42): error TS1127: Invalid character.
components/ui/chat-window.tsx(185,1): error TS1160: Unterminated template literal.
components/ui/doc-sidebar.tsx(46,5): error TS2657: JSX expressions must have one parent element.
components/ui/doc-sidebar.tsx(87,40): error TS1127: Invalid character.
components/ui/doc-sidebar.tsx(87,60): error TS1381: Unexpected token. Did you mean `{'}'}` or `&rbrace;`?
components/ui/doc-sidebar.tsx(87,61): error TS1382: Unexpected token. Did you mean `{'>'}` or `&gt;`?
components/ui/doc-sidebar.tsx(131,17): error TS17002: Expected corresponding JSX closing tag for 'div'.
components/ui/doc-sidebar.tsx(132,14): error TS1005: '}' expected.
components/ui/doc-sidebar.tsx(132,15): error TS1381: Unexpected token. Did you mean `{'}'}` or `&rbrace;`?
components/ui/doc-sidebar.tsx(134,10): error TS1381: Unexpected token. Did you mean `{'}'}` or `&rbrace;`?
components/ui/doc-sidebar.tsx(135,9): error TS17002: Expected corresponding JSX closing tag for 'GlassCard'.
components/ui/doc-sidebar.tsx(145,5): error TS1005: ')' expected.
components/ui/doc-sidebar.tsx(146,3): error TS1109: Expression expected.
components/ui/upload-zone.tsx(97,31): error TS1127: Invalid character.
components/ui/upload-zone.tsx(97,49): error TS1381: Unexpected token. Did you mean `{'}'}` or `&rbrace;`?
components/ui/upload-zone.tsx(97,50): error TS1381: Unexpected token. Did you mean `{'}'}` or `&rbrace;`?
components/ui/upload-zone.tsx(98,14): error TS1382: Unexpected token. Did you mean `{'>'}` or `&gt;`?
